// Jest Snapshot v1, https://goo.gl/fbAQLP

exports[`Bible page matches the snapshot 1`] = `
<div>
  <div
    className="row align-items-start"
  />
</div>
`;

exports[`Wrapper page matches the snapshot 1`] = `
<div>
  <div
    className="row align-items-start"
  />
</div>
`;
