// Jest Snapshot v1, https://goo.gl/fbAQLP

exports[`Bible page matches the snapshot 1`] = `
<div
  className="centered"
>
  <h1>
    404: Page Not Found
  </h1>
</div>
`;
