// Jest Snapshot v1, https://goo.gl/fbAQLP

exports[`Footer bible component Renders the crypto page correctly 1`] = `
<footer
  className="d-flex flex-column px-2 py-1 footer"
>
  <div
    className="border-bottom border-white description"
  >
    <p>
      test description
    </p>
  </div>
  <div
    className="d-flex justify-content-between py-2"
  >
    <button
      className="button"
      onClick={[Function]}
      type="button"
    >
      <svg
        aria-hidden="true"
        className="svg-inline--fa fa-star fa-w-18 "
        data-icon="star"
        data-prefix="far"
        focusable="false"
        role="img"
        style={
          Object {
            "color": "White",
            "fontSize": "25px",
          }
        }
        viewBox="0 0 576 512"
        xmlns="http://www.w3.org/2000/svg"
      >
        <path
          d="M528.1 171.5L382 150.2 316.7 17.8c-11.7-23.6-45.6-23.9-57.4 0L194 150.2 47.9 171.5c-26.2 3.8-36.7 36.1-17.7 54.6l105.7 103-25 145.5c-4.5 26.3 23.2 46 46.4 33.7L288 439.6l130.7 68.7c23.2 12.2 50.9-7.4 46.4-33.7l-25-145.5 105.7-103c19-18.5 8.5-50.8-17.7-54.6zM388.6 312.3l23.7 138.4L288 385.4l-124.3 65.3 23.7-138.4-100.6-98 139-20.2 62.2-126 62.2 126 139 20.2-100.6 98z"
          fill="currentColor"
          style={Object {}}
        />
      </svg>
      <small
        className="text-white d-block"
      >
        Favorite
      </small>
    </button>
    <a
      className="button"
      href="/read"
      onClick={[Function]}
    >
      <svg
        aria-hidden="true"
        className="svg-inline--fa fa-book-open fa-w-18 "
        data-icon="book-open"
        data-prefix="fas"
        focusable="false"
        role="img"
        style={
          Object {
            "color": "White",
            "fontSize": "25px",
          }
        }
        viewBox="0 0 576 512"
        xmlns="http://www.w3.org/2000/svg"
      >
        <path
          d="M542.22 32.05c-54.8 3.11-163.72 14.43-230.96 55.59-4.64 2.84-7.27 7.89-7.27 13.17v363.87c0 11.55 12.63 18.85 23.28 13.49 69.18-34.82 169.23-44.32 218.7-46.92 16.89-.89 30.02-14.43 30.02-30.66V62.75c.01-17.71-15.35-31.74-33.77-30.7zM264.73 87.64C197.5 46.48 88.58 35.17 33.78 32.05 15.36 31.01 0 45.04 0 62.75V400.6c0 16.24 13.13 29.78 30.02 30.66 49.49 2.6 149.59 12.11 218.77 46.95 10.62 5.35 23.21-1.94 23.21-13.46V100.63c0-5.29-2.62-10.14-7.27-12.99z"
          fill="currentColor"
          style={Object {}}
        />
      </svg>
      <small
        className="text-white d-block"
      >
        Read
      </small>
    </a>
    <button
      className="button"
      type="button"
    >
      <svg
        aria-hidden="true"
        className="svg-inline--fa fa-trash-alt fa-w-14 "
        data-icon="trash-alt"
        data-prefix="far"
        focusable="false"
        role="img"
        style={
          Object {
            "color": "White",
            "fontSize": "25px",
          }
        }
        viewBox="0 0 448 512"
        xmlns="http://www.w3.org/2000/svg"
      >
        <path
          d="M268 416h24a12 12 0 0 0 12-12V188a12 12 0 0 0-12-12h-24a12 12 0 0 0-12 12v216a12 12 0 0 0 12 12zM432 80h-82.41l-34-56.7A48 48 0 0 0 274.41 0H173.59a48 48 0 0 0-41.16 23.3L98.41 80H16A16 16 0 0 0 0 96v16a16 16 0 0 0 16 16h16v336a48 48 0 0 0 48 48h288a48 48 0 0 0 48-48V128h16a16 16 0 0 0 16-16V96a16 16 0 0 0-16-16zM171.84 50.91A6 6 0 0 1 177 48h94a6 6 0 0 1 5.15 2.91L293.61 80H154.39zM368 464H80V128h288zm-212-48h24a12 12 0 0 0 12-12V188a12 12 0 0 0-12-12h-24a12 12 0 0 0-12 12v216a12 12 0 0 0 12 12z"
          fill="currentColor"
          style={Object {}}
        />
      </svg>
      <small
        className="text-white d-block"
      >
        Delete
      </small>
    </button>
  </div>
</footer>
`;

exports[`Footer bible component Renders the footer correctly 1`] = `
<footer
  className="d-flex flex-column px-2 py-1 footer"
>
  <div
    className="border-bottom border-white description"
  >
    <p>
      test description
    </p>
  </div>
  <div
    className="d-flex justify-content-between py-2"
  >
    <button
      className="button"
      onClick={[Function]}
      type="button"
    >
      <svg
        aria-hidden="true"
        className="svg-inline--fa fa-star fa-w-18 "
        data-icon="star"
        data-prefix="far"
        focusable="false"
        role="img"
        style={
          Object {
            "color": "White",
            "fontSize": "25px",
          }
        }
        viewBox="0 0 576 512"
        xmlns="http://www.w3.org/2000/svg"
      >
        <path
          d="M528.1 171.5L382 150.2 316.7 17.8c-11.7-23.6-45.6-23.9-57.4 0L194 150.2 47.9 171.5c-26.2 3.8-36.7 36.1-17.7 54.6l105.7 103-25 145.5c-4.5 26.3 23.2 46 46.4 33.7L288 439.6l130.7 68.7c23.2 12.2 50.9-7.4 46.4-33.7l-25-145.5 105.7-103c19-18.5 8.5-50.8-17.7-54.6zM388.6 312.3l23.7 138.4L288 385.4l-124.3 65.3 23.7-138.4-100.6-98 139-20.2 62.2-126 62.2 126 139 20.2-100.6 98z"
          fill="currentColor"
          style={Object {}}
        />
      </svg>
      <small
        className="text-white d-block"
      >
        Favorite
      </small>
    </button>
    <a
      className="button"
      href="/read"
      onClick={[Function]}
    >
      <svg
        aria-hidden="true"
        className="svg-inline--fa fa-book-open fa-w-18 "
        data-icon="book-open"
        data-prefix="fas"
        focusable="false"
        role="img"
        style={
          Object {
            "color": "White",
            "fontSize": "25px",
          }
        }
        viewBox="0 0 576 512"
        xmlns="http://www.w3.org/2000/svg"
      >
        <path
          d="M542.22 32.05c-54.8 3.11-163.72 14.43-230.96 55.59-4.64 2.84-7.27 7.89-7.27 13.17v363.87c0 11.55 12.63 18.85 23.28 13.49 69.18-34.82 169.23-44.32 218.7-46.92 16.89-.89 30.02-14.43 30.02-30.66V62.75c.01-17.71-15.35-31.74-33.77-30.7zM264.73 87.64C197.5 46.48 88.58 35.17 33.78 32.05 15.36 31.01 0 45.04 0 62.75V400.6c0 16.24 13.13 29.78 30.02 30.66 49.49 2.6 149.59 12.11 218.77 46.95 10.62 5.35 23.21-1.94 23.21-13.46V100.63c0-5.29-2.62-10.14-7.27-12.99z"
          fill="currentColor"
          style={Object {}}
        />
      </svg>
      <small
        className="text-white d-block"
      >
        Read
      </small>
    </a>
    <button
      className="button"
      type="button"
    >
      <svg
        aria-hidden="true"
        className="svg-inline--fa fa-trash-alt fa-w-14 "
        data-icon="trash-alt"
        data-prefix="far"
        focusable="false"
        role="img"
        style={
          Object {
            "color": "White",
            "fontSize": "25px",
          }
        }
        viewBox="0 0 448 512"
        xmlns="http://www.w3.org/2000/svg"
      >
        <path
          d="M268 416h24a12 12 0 0 0 12-12V188a12 12 0 0 0-12-12h-24a12 12 0 0 0-12 12v216a12 12 0 0 0 12 12zM432 80h-82.41l-34-56.7A48 48 0 0 0 274.41 0H173.59a48 48 0 0 0-41.16 23.3L98.41 80H16A16 16 0 0 0 0 96v16a16 16 0 0 0 16 16h16v336a48 48 0 0 0 48 48h288a48 48 0 0 0 48-48V128h16a16 16 0 0 0 16-16V96a16 16 0 0 0-16-16zM171.84 50.91A6 6 0 0 1 177 48h94a6 6 0 0 1 5.15 2.91L293.61 80H154.39zM368 464H80V128h288zm-212-48h24a12 12 0 0 0 12-12V188a12 12 0 0 0-12-12h-24a12 12 0 0 0-12 12v216a12 12 0 0 0 12 12z"
          fill="currentColor"
          style={Object {}}
        />
      </svg>
      <small
        className="text-white d-block"
      >
        Delete
      </small>
    </button>
  </div>
</footer>
`;

exports[`Footer bible component matched the snapshot 1`] = `
<footer
  className="d-flex flex-column px-2 py-1 footer"
>
  <div
    className="border-bottom border-white description"
  >
    <p>
      test description
    </p>
  </div>
  <div
    className="d-flex justify-content-between py-2"
  >
    <button
      className="button"
      onClick={[Function]}
      type="button"
    >
      <svg
        aria-hidden="true"
        className="svg-inline--fa fa-star fa-w-18 "
        data-icon="star"
        data-prefix="far"
        focusable="false"
        role="img"
        style={
          Object {
            "color": "White",
            "fontSize": "25px",
          }
        }
        viewBox="0 0 576 512"
        xmlns="http://www.w3.org/2000/svg"
      >
        <path
          d="M528.1 171.5L382 150.2 316.7 17.8c-11.7-23.6-45.6-23.9-57.4 0L194 150.2 47.9 171.5c-26.2 3.8-36.7 36.1-17.7 54.6l105.7 103-25 145.5c-4.5 26.3 23.2 46 46.4 33.7L288 439.6l130.7 68.7c23.2 12.2 50.9-7.4 46.4-33.7l-25-145.5 105.7-103c19-18.5 8.5-50.8-17.7-54.6zM388.6 312.3l23.7 138.4L288 385.4l-124.3 65.3 23.7-138.4-100.6-98 139-20.2 62.2-126 62.2 126 139 20.2-100.6 98z"
          fill="currentColor"
          style={Object {}}
        />
      </svg>
      <small
        className="text-white d-block"
      >
        Favorite
      </small>
    </button>
    <a
      className="button"
      href="/read"
      onClick={[Function]}
    >
      <svg
        aria-hidden="true"
        className="svg-inline--fa fa-book-open fa-w-18 "
        data-icon="book-open"
        data-prefix="fas"
        focusable="false"
        role="img"
        style={
          Object {
            "color": "White",
            "fontSize": "25px",
          }
        }
        viewBox="0 0 576 512"
        xmlns="http://www.w3.org/2000/svg"
      >
        <path
          d="M542.22 32.05c-54.8 3.11-163.72 14.43-230.96 55.59-4.64 2.84-7.27 7.89-7.27 13.17v363.87c0 11.55 12.63 18.85 23.28 13.49 69.18-34.82 169.23-44.32 218.7-46.92 16.89-.89 30.02-14.43 30.02-30.66V62.75c.01-17.71-15.35-31.74-33.77-30.7zM264.73 87.64C197.5 46.48 88.58 35.17 33.78 32.05 15.36 31.01 0 45.04 0 62.75V400.6c0 16.24 13.13 29.78 30.02 30.66 49.49 2.6 149.59 12.11 218.77 46.95 10.62 5.35 23.21-1.94 23.21-13.46V100.63c0-5.29-2.62-10.14-7.27-12.99z"
          fill="currentColor"
          style={Object {}}
        />
      </svg>
      <small
        className="text-white d-block"
      >
        Read
      </small>
    </a>
    <button
      className="button"
      type="button"
    >
      <svg
        aria-hidden="true"
        className="svg-inline--fa fa-trash-alt fa-w-14 "
        data-icon="trash-alt"
        data-prefix="far"
        focusable="false"
        role="img"
        style={
          Object {
            "color": "White",
            "fontSize": "25px",
          }
        }
        viewBox="0 0 448 512"
        xmlns="http://www.w3.org/2000/svg"
      >
        <path
          d="M268 416h24a12 12 0 0 0 12-12V188a12 12 0 0 0-12-12h-24a12 12 0 0 0-12 12v216a12 12 0 0 0 12 12zM432 80h-82.41l-34-56.7A48 48 0 0 0 274.41 0H173.59a48 48 0 0 0-41.16 23.3L98.41 80H16A16 16 0 0 0 0 96v16a16 16 0 0 0 16 16h16v336a48 48 0 0 0 48 48h288a48 48 0 0 0 48-48V128h16a16 16 0 0 0 16-16V96a16 16 0 0 0-16-16zM171.84 50.91A6 6 0 0 1 177 48h94a6 6 0 0 1 5.15 2.91L293.61 80H154.39zM368 464H80V128h288zm-212-48h24a12 12 0 0 0 12-12V188a12 12 0 0 0-12-12h-24a12 12 0 0 0-12 12v216a12 12 0 0 0 12 12z"
          fill="currentColor"
          style={Object {}}
        />
      </svg>
      <small
        className="text-white d-block"
      >
        Delete
      </small>
    </button>
  </div>
</footer>
`;

exports[`Name of the group Renders the crypto page correctly 1`] = `
<footer
  className="d-flex flex-column px-2 py-1 footer"
>
  <div
    className="border-bottom border-white description"
  >
    <p>
      test description
    </p>
  </div>
  <div
    className="d-flex justify-content-between py-2"
  >
    <button
      className="button"
      onClick={[Function]}
      type="button"
    >
      <svg
        aria-hidden="true"
        className="svg-inline--fa fa-star fa-w-18 "
        data-icon="star"
        data-prefix="far"
        focusable="false"
        role="img"
        style={
          Object {
            "color": "White",
            "fontSize": "25px",
          }
        }
        viewBox="0 0 576 512"
        xmlns="http://www.w3.org/2000/svg"
      >
        <path
          d="M528.1 171.5L382 150.2 316.7 17.8c-11.7-23.6-45.6-23.9-57.4 0L194 150.2 47.9 171.5c-26.2 3.8-36.7 36.1-17.7 54.6l105.7 103-25 145.5c-4.5 26.3 23.2 46 46.4 33.7L288 439.6l130.7 68.7c23.2 12.2 50.9-7.4 46.4-33.7l-25-145.5 105.7-103c19-18.5 8.5-50.8-17.7-54.6zM388.6 312.3l23.7 138.4L288 385.4l-124.3 65.3 23.7-138.4-100.6-98 139-20.2 62.2-126 62.2 126 139 20.2-100.6 98z"
          fill="currentColor"
          style={Object {}}
        />
      </svg>
      <small
        className="text-white d-block"
      >
        Favorite
      </small>
    </button>
    <a
      className="button"
      href="/read"
      onClick={[Function]}
    >
      <svg
        aria-hidden="true"
        className="svg-inline--fa fa-book-open fa-w-18 "
        data-icon="book-open"
        data-prefix="fas"
        focusable="false"
        role="img"
        style={
          Object {
            "color": "White",
            "fontSize": "25px",
          }
        }
        viewBox="0 0 576 512"
        xmlns="http://www.w3.org/2000/svg"
      >
        <path
          d="M542.22 32.05c-54.8 3.11-163.72 14.43-230.96 55.59-4.64 2.84-7.27 7.89-7.27 13.17v363.87c0 11.55 12.63 18.85 23.28 13.49 69.18-34.82 169.23-44.32 218.7-46.92 16.89-.89 30.02-14.43 30.02-30.66V62.75c.01-17.71-15.35-31.74-33.77-30.7zM264.73 87.64C197.5 46.48 88.58 35.17 33.78 32.05 15.36 31.01 0 45.04 0 62.75V400.6c0 16.24 13.13 29.78 30.02 30.66 49.49 2.6 149.59 12.11 218.77 46.95 10.62 5.35 23.21-1.94 23.21-13.46V100.63c0-5.29-2.62-10.14-7.27-12.99z"
          fill="currentColor"
          style={Object {}}
        />
      </svg>
      <small
        className="text-white d-block"
      >
        Read
      </small>
    </a>
    <button
      className="button"
      type="button"
    >
      <svg
        aria-hidden="true"
        className="svg-inline--fa fa-trash-alt fa-w-14 "
        data-icon="trash-alt"
        data-prefix="far"
        focusable="false"
        role="img"
        style={
          Object {
            "color": "White",
            "fontSize": "25px",
          }
        }
        viewBox="0 0 448 512"
        xmlns="http://www.w3.org/2000/svg"
      >
        <path
          d="M268 416h24a12 12 0 0 0 12-12V188a12 12 0 0 0-12-12h-24a12 12 0 0 0-12 12v216a12 12 0 0 0 12 12zM432 80h-82.41l-34-56.7A48 48 0 0 0 274.41 0H173.59a48 48 0 0 0-41.16 23.3L98.41 80H16A16 16 0 0 0 0 96v16a16 16 0 0 0 16 16h16v336a48 48 0 0 0 48 48h288a48 48 0 0 0 48-48V128h16a16 16 0 0 0 16-16V96a16 16 0 0 0-16-16zM171.84 50.91A6 6 0 0 1 177 48h94a6 6 0 0 1 5.15 2.91L293.61 80H154.39zM368 464H80V128h288zm-212-48h24a12 12 0 0 0 12-12V188a12 12 0 0 0-12-12h-24a12 12 0 0 0-12 12v216a12 12 0 0 0 12 12z"
          fill="currentColor"
          style={Object {}}
        />
      </svg>
      <small
        className="text-white d-block"
      >
        Delete
      </small>
    </button>
  </div>
</footer>
`;

exports[`Renders the crypto page correctly 1`] = `
<footer
  className="d-flex flex-column px-2 py-1 footer"
>
  <div
    className="border-bottom border-white description"
  >
    <p>
      test description
    </p>
  </div>
  <div
    className="d-flex justify-content-between py-2"
  >
    <button
      className="button"
      onClick={[Function]}
      type="button"
    >
      <svg
        aria-hidden="true"
        className="svg-inline--fa fa-star fa-w-18 "
        data-icon="star"
        data-prefix="far"
        focusable="false"
        role="img"
        style={
          Object {
            "color": "White",
            "fontSize": "25px",
          }
        }
        viewBox="0 0 576 512"
        xmlns="http://www.w3.org/2000/svg"
      >
        <path
          d="M528.1 171.5L382 150.2 316.7 17.8c-11.7-23.6-45.6-23.9-57.4 0L194 150.2 47.9 171.5c-26.2 3.8-36.7 36.1-17.7 54.6l105.7 103-25 145.5c-4.5 26.3 23.2 46 46.4 33.7L288 439.6l130.7 68.7c23.2 12.2 50.9-7.4 46.4-33.7l-25-145.5 105.7-103c19-18.5 8.5-50.8-17.7-54.6zM388.6 312.3l23.7 138.4L288 385.4l-124.3 65.3 23.7-138.4-100.6-98 139-20.2 62.2-126 62.2 126 139 20.2-100.6 98z"
          fill="currentColor"
          style={Object {}}
        />
      </svg>
      <small
        className="text-white d-block"
      >
        Favorite
      </small>
    </button>
    <a
      className="button"
      href="/read"
      onClick={[Function]}
    >
      <svg
        aria-hidden="true"
        className="svg-inline--fa fa-book-open fa-w-18 "
        data-icon="book-open"
        data-prefix="fas"
        focusable="false"
        role="img"
        style={
          Object {
            "color": "White",
            "fontSize": "25px",
          }
        }
        viewBox="0 0 576 512"
        xmlns="http://www.w3.org/2000/svg"
      >
        <path
          d="M542.22 32.05c-54.8 3.11-163.72 14.43-230.96 55.59-4.64 2.84-7.27 7.89-7.27 13.17v363.87c0 11.55 12.63 18.85 23.28 13.49 69.18-34.82 169.23-44.32 218.7-46.92 16.89-.89 30.02-14.43 30.02-30.66V62.75c.01-17.71-15.35-31.74-33.77-30.7zM264.73 87.64C197.5 46.48 88.58 35.17 33.78 32.05 15.36 31.01 0 45.04 0 62.75V400.6c0 16.24 13.13 29.78 30.02 30.66 49.49 2.6 149.59 12.11 218.77 46.95 10.62 5.35 23.21-1.94 23.21-13.46V100.63c0-5.29-2.62-10.14-7.27-12.99z"
          fill="currentColor"
          style={Object {}}
        />
      </svg>
      <small
        className="text-white d-block"
      >
        Read
      </small>
    </a>
    <button
      className="button"
      type="button"
    >
      <svg
        aria-hidden="true"
        className="svg-inline--fa fa-trash-alt fa-w-14 "
        data-icon="trash-alt"
        data-prefix="far"
        focusable="false"
        role="img"
        style={
          Object {
            "color": "White",
            "fontSize": "25px",
          }
        }
        viewBox="0 0 448 512"
        xmlns="http://www.w3.org/2000/svg"
      >
        <path
          d="M268 416h24a12 12 0 0 0 12-12V188a12 12 0 0 0-12-12h-24a12 12 0 0 0-12 12v216a12 12 0 0 0 12 12zM432 80h-82.41l-34-56.7A48 48 0 0 0 274.41 0H173.59a48 48 0 0 0-41.16 23.3L98.41 80H16A16 16 0 0 0 0 96v16a16 16 0 0 0 16 16h16v336a48 48 0 0 0 48 48h288a48 48 0 0 0 48-48V128h16a16 16 0 0 0 16-16V96a16 16 0 0 0-16-16zM171.84 50.91A6 6 0 0 1 177 48h94a6 6 0 0 1 5.15 2.91L293.61 80H154.39zM368 464H80V128h288zm-212-48h24a12 12 0 0 0 12-12V188a12 12 0 0 0-12-12h-24a12 12 0 0 0-12 12v216a12 12 0 0 0 12 12z"
          fill="currentColor"
          style={Object {}}
        />
      </svg>
      <small
        className="text-white d-block"
      >
        Delete
      </small>
    </button>
  </div>
</footer>
`;
